// Jest Snapshot v1, https://goo.gl/fbAQLP

exports[`Pruebas en GifItem debe hacer match con el snapshot 1`] = `
<div>
  <div
    class="card"
  >
    <img
      alt="Sample title"
      src="https://localhost/sample.jpg"
    />
    <p>
      Sample title
    </p>
  </div>
</div>
`;
